[2026-07-15 02:03:50] INCOMING: {"gateway":"MBBank","transactionDate":"2026-07-15 07:03:00","accountNumber":"7369786789","subAccount":null,"code":null,"content":"DATSAN00025 P2LMLZUJ\/862901","transferType":"in","description":"BankAPINotify DATSAN00025 P2LMLZUJ\/862901","transferAmount":80000,"referenceCode":"FT26196592233560","accumulated":0,"id":68267865}
[2026-07-15 02:03:50] AUTH FAIL. Header: 
[2026-07-15 02:06:26] INCOMING: {"gateway":"MBBank","transactionDate":"2026-07-15 07:06:00","accountNumber":"7369786789","subAccount":null,"code":null,"content":"DATSAN00026 P2LMLWR6\/863482","transferType":"in","description":"BankAPINotify DATSAN00026 P2LMLWR6\/863482","transferAmount":80000,"referenceCode":"FT26196450895747","accumulated":0,"id":68268082}
[2026-07-15 02:06:26] AUTH FAIL. Header: 
[2026-07-15 02:07:52] INCOMING: {"gateway":"MBBank","transactionDate":"2026-07-15 07:07:00","accountNumber":"7369786789","subAccount":null,"code":null,"content":"MBCT LU DANG HUNG chuyen tien D2GKERH5\/259624","transferType":"out","description":"BankAPINotify MBCT LU DANG HUNG chuyen tien D2GKERH5\/259624","transferAmount":160000,"referenceCode":"FT26196901379988","accumulated":0,"id":68268204}
[2026-07-15 02:07:52] AUTH FAIL. Header: 
[2026-07-15 02:08:49] INCOMING: {"gateway":"MBBank","transactionDate":"2026-07-15 07:08:00","accountNumber":"7369786789","subAccount":null,"code":null,"content":"DATSAN00027 P2LMLVQQ\/864079","transferType":"in","description":"BankAPINotify DATSAN00027 P2LMLVQQ\/864079","transferAmount":80000,"referenceCode":"FT26196022060552","accumulated":0,"id":68268301}
[2026-07-15 02:08:49] AUTH FAIL. Header: 
[2026-07-15 02:10:11] INCOMING: {"gateway":"MBBank","transactionDate":"2026-07-15 07:10:00","accountNumber":"7369786789","subAccount":null,"code":null,"content":"MBCT LU DANG HUNG chuyen tien D2GKE4WS\/276609","transferType":"out","description":"BankAPINotify MBCT LU DANG HUNG chuyen tien D2GKE4WS\/276609","transferAmount":80000,"referenceCode":"FT26196292644250","accumulated":0,"id":68268423}
[2026-07-15 02:10:11] AUTH FAIL. Header: 
[2026-07-15 02:12:22] INCOMING: {"gateway":"MBBank","transactionDate":"2026-07-15 07:12:00","accountNumber":"7369786789","subAccount":null,"code":null,"content":"DATSAN00028 P2LMLH6K\/864869","transferType":"in","description":"BankAPINotify DATSAN00028 P2LMLH6K\/864869","transferAmount":160000,"referenceCode":"FT26196195019368","accumulated":0,"id":68268627}
[2026-07-15 02:12:22] AUTH FAIL. Header: 
[2026-07-15 02:12:44] INCOMING: {"gateway":"MBBank","transactionDate":"2026-07-15 07:12:00","accountNumber":"7369786789","subAccount":null,"code":null,"content":"MBCT LU DANG HUNG chuyen tien D2GKESD7\/295365","transferType":"out","description":"BankAPINotify MBCT LU DANG HUNG chuyen tien D2GKESD7\/295365","transferAmount":160000,"referenceCode":"FT26196009915156","accumulated":0,"id":68268668}
[2026-07-15 02:12:44] AUTH FAIL. Header: 
[2026-07-15 02:16:25] INCOMING: {"gateway":"MBBank","transactionDate":"2026-07-15 07:16:00","accountNumber":"7369786789","subAccount":null,"code":null,"content":"DATSAN00029 P2LML5ZY\/865845","transferType":"in","description":"BankAPINotify DATSAN00029 P2LML5ZY\/865845","transferAmount":80000,"referenceCode":"FT26196304426890","accumulated":0,"id":68268985}
[2026-07-15 02:16:25] AUTH FAIL. Header: 
[2026-07-24 05:13:05] INCOMING: {"gateway":"MBBank","transactionDate":"2026-07-24 09:55:00","accountNumber":"7369786789","subAccount":null,"code":null,"content":"DATSAN00044 P2L3FD6D\/294561","transferType":"in","description":"BankAPINotify DATSAN00044 P2L3FD6D\/294561","transferAmount":49000,"referenceCode":"FT26205934500998","accumulated":0,"id":69706504}
[2026-07-24 05:13:05] AUTH SKIPPED (no API key configured)
[2026-07-24 05:13:05] Type=in | Amount=49000 | Desc=DATSAN00044 P2L3FD6D/294561 | TxID=69706504
[2026-07-24 05:13:05] Parsed: type=booking id=44 amount=49000
[2026-07-24 05:14:03] INCOMING: {"gateway":"MBBank","transactionDate":"2026-07-24 10:13:00","accountNumber":"7369786789","subAccount":null,"code":null,"content":"DATSAN00046 P2L3T2IN\/302239","transferType":"in","description":"BankAPINotify DATSAN00046 P2L3T2IN\/302239","transferAmount":80000,"referenceCode":"FT26205214355460","accumulated":0,"id":69709242}
[2026-07-24 05:14:03] AUTH SKIPPED (no API key configured)
[2026-07-24 05:14:03] Type=in | Amount=80000 | Desc=DATSAN00046 P2L3T2IN/302239 | TxID=69709242
[2026-07-24 05:14:03] Parsed: type=booking id=46 amount=80000
[2026-07-24 05:17:56] INCOMING: {"gateway":"MBBank","transactionDate":"2026-07-24 10:17:00","accountNumber":"7369786789","subAccount":null,"code":null,"content":"MBCT LU DANG HUNG chuyen tien D2VQ5DLT\/471119","transferType":"out","description":"BankAPINotify MBCT LU DANG HUNG chuyen tien D2VQ5DLT\/471119","transferAmount":398000,"referenceCode":"FT26205400877505","accumulated":0,"id":69709828}
[2026-07-24 05:17:56] AUTH SKIPPED (no API key configured)
[2026-07-24 05:17:56] Type=out | Amount=398000 | Desc=MBCT LU DANG HUNG CHUYEN TIEN D2VQ5DLT/471119 | TxID=69709828
[2026-07-24 05:17:56] SKIP: outgoing transaction
[2026-07-24 05:34:07] INCOMING: {"gateway":"MBBank","transactionDate":"2026-07-24 09:55:00","accountNumber":"7369786789","subAccount":null,"code":null,"content":"DATSAN00044 P2L3FD6D\/294561","transferType":"in","description":"BankAPINotify DATSAN00044 P2L3FD6D\/294561","transferAmount":49000,"referenceCode":"FT26205934500998","accumulated":0,"id":69706504}
[2026-07-24 05:34:07] AUTH SKIPPED (no API key configured)
[2026-07-24 05:34:07] Type=in | Amount=49000 | Desc=DATSAN00044 P2L3FD6D/294561 | TxID=69706504
[2026-07-24 05:34:07] Parsed: type=booking id=44 amount=49000
[2026-07-24 05:34:07] INFO: already paid
[2026-07-24 05:34:12] INCOMING: {"gateway":"MBBank","transactionDate":"2026-07-24 09:55:00","accountNumber":"7369786789","subAccount":null,"code":null,"content":"DATSAN00044 P2L3FD6D\/294561","transferType":"in","description":"BankAPINotify DATSAN00044 P2L3FD6D\/294561","transferAmount":49000,"referenceCode":"FT26205934500998","accumulated":0,"id":69706504}
[2026-07-24 05:34:12] AUTH SKIPPED (no API key configured)
[2026-07-24 05:34:12] Type=in | Amount=49000 | Desc=DATSAN00044 P2L3FD6D/294561 | TxID=69706504
[2026-07-24 05:34:12] Parsed: type=booking id=44 amount=49000
[2026-07-24 05:34:12] INFO: already paid
[2026-07-24 05:34:15] INCOMING: {"gateway":"MBBank","transactionDate":"2026-07-24 09:55:00","accountNumber":"7369786789","subAccount":null,"code":null,"content":"DATSAN00044 P2L3FD6D\/294561","transferType":"in","description":"BankAPINotify DATSAN00044 P2L3FD6D\/294561","transferAmount":49000,"referenceCode":"FT26205934500998","accumulated":0,"id":69706504}
[2026-07-24 05:34:15] AUTH SKIPPED (no API key configured)
[2026-07-24 05:34:15] Type=in | Amount=49000 | Desc=DATSAN00044 P2L3FD6D/294561 | TxID=69706504
[2026-07-24 05:34:15] Parsed: type=booking id=44 amount=49000
[2026-07-24 05:34:15] INFO: already paid
[2026-07-24 06:16:03] INCOMING: {"gateway":"MBBank","transactionDate":"2026-07-24 11:16:00","accountNumber":"7369786789","subAccount":null,"code":null,"content":"DATSAN00047","transferType":"in","description":"BankAPINotify DATSAN00047","transferAmount":2000,"referenceCode":"FT26205637009381","accumulated":0,"id":69718356}
[2026-07-24 06:16:03] AUTH SKIPPED (no API key configured)
[2026-07-24 06:16:03] Type=in | Amount=2000 | Desc=DATSAN00047 | TxID=69718356
[2026-07-24 06:16:03] Parsed: type=booking id=47 amount=2000
[2026-07-26 03:34:35] INCOMING: {"gateway":"MBBank","transactionDate":"2026-07-26 08:34:00","accountNumber":"7369786789","subAccount":null,"code":null,"content":"ORD26072683132 P2LNMNJ4\/220363","transferType":"in","description":"BankAPINotify ORD26072683132 P2LNMNJ4\/220363","transferAmount":32000,"referenceCode":"FT26208768902965","accumulated":0,"id":70024730}
[2026-07-26 03:34:35] AUTH SKIPPED (no API key configured)
[2026-07-26 03:34:35] Type=in | Amount=32000 | Desc=ORD26072683132 P2LNMNJ4/220363 | TxID=70024730
[2026-07-26 03:34:35] Parsed: type=order id=ORD26072683132 amount=32000
[2026-07-26 03:34:35] SUCCESS: Order ORD26072683132 paid & confirmed
